// Jest Snapshot v1, https://goo.gl/fbAQLP

exports[`<HomePage> should render 1`] = `
<div>
  <h1>
    Hello 
    John
     and Doe
    !
  </h1>
  <div>
    <button
      type="button"
    >
      Click Me!
    </button>
    <button
      type="button"
    >
      Click Me Too!
    </button>
  </div>
</div>
`;
